
> code-oss-dev@1.99.3 vscode-win32-x64
> node --max-old-space-size=8192 ./node_modules/gulp/bin/gulp.js vscode-win32-x64

[[90m21:10:58[39m] Using gulpfile ~\Downloads\octatecode\octatecode\gulpfile.js
[[90m21:10:58[39m] Starting 'vscode-win32-x64'...
[[90m21:10:58[39m] Starting [36mclean-out-build[39m ...
[[90m21:11:04[39m] Finished [36mclean-out-build[39m after [35m5876 ms[39m
[[90m21:11:04[39m] Starting [36mbuild-date-file[39m ...
[[90m21:11:04[39m] Finished [36mbuild-date-file[39m after [35m3 ms[39m
[[90m21:11:04[39m] Starting [36mcompile-api-proposal-names[39m ...
[[90m21:11:04[39m] Starting [32mcompilation[39m[34m api-proposal-names[39m...
node.exe : (node:17296) [DEP0180] DeprecationWarning: fs.Stats constructor is deprecated.
At C:\Users\preet\AppData\Roaming\npm\npm.ps1:24 char:5
+     & "node$exe"  "$basedir/node_modules/npm/bin/npm-cli.js" $args
+     ~~~~~~~~~~~~~~~~~~~~~~~~~~~~~~~~~~~~~~~~~~~~~~~~~~~~~~~~~~~~~~
    + CategoryInfo          : NotSpecified: ((node:17296) [D... is deprecated.:String) [], Remo 
   teException
    + FullyQualifiedErrorId : NativeCommandError
 
(Use `node --trace-deprecation ...` to show where the warning was created)
[[90m21:11:07[39m] Finished [32mcompilation[39m[34m api-proposal-names[39m with 0 errors after [35m3048 ms[39m
[[90m21:11:07[39m] Finished [36mcompile-api-proposal-names[39m after [35m3084 ms[39m
[[90m21:11:07[39m] Starting [36mcompile-src[39m ...
[[90m21:11:13[39m] Starting [32mcompilation[39m...
[[90m21:30:40[39m] Finished [32mcompilation[39m with 0 errors after [35m1166179 ms[39m
[[90m21:30:41[39m] Finished [36mcompile-src[39m after [35m1174151 ms[39m
[[90m21:30:41[39m] Starting [36mcompile-build-without-mangling[39m ...
[[90m21:30:41[39m] Finished [36mcompile-build-without-mangling[39m after [35m2 ms[39m
[[90m21:30:41[39m] Starting [36mclean-extensions-build[39m ...
[[90m21:30:41[39m] Finished [36mclean-extensions-build[39m after [35m36 ms[39m
[[90m21:30:41[39m] Starting [36mbundle-marketplace-extensions-build[39m ...
[[90m21:30:41[39m] Finished [36mbundle-marketplace-extensions-build[39m after [35m33 ms[39m
[[90m21:30:41[39m] Starting [36mbundle-non-native-extensions-build[39m ...
[[90m21:37:02[39m] 'vscode-win32-x64' errored after 26 min
[[90m21:37:02[39m] [31mError[39m in plugin "[36mwebpack-stream[39m"
Message:
    [object Object]
Details:
    domainEmitter: [object Object]
    domainThrown: false

